Starting a Gradle Daemon (subsequent builds will be faster)
> Task :app:preBuild UP-TO-DATE
> Task :quickjs:preBuild UP-TO-DATE
> Task :catvod:preBuild UP-TO-DATE
> Task :catvod:preReleaseBuild UP-TO-DATE
> Task :quickjs:preReleaseBuild UP-TO-DATE
> Task :app:preMobileArm64_v8aReleaseBuild UP-TO-DATE
> Task :catvod:mergeReleaseJniLibFolders
> Task :app:mergeMobileArm64_v8aReleaseJniLibFolders
> Task :quickjs:mergeReleaseJniLibFolders
> Task :catvod:mergeReleaseNativeLibs NO-SOURCE
> Task :quickjs:mergeReleaseNativeLibs NO-SOURCE
> Task :quickjs:copyReleaseJniLibsProjectOnly
> Task :catvod:copyReleaseJniLibsProjectOnly
> Task :quickjs:prepareReleaseArtProfile
> Task :catvod:prepareReleaseArtProfile
> Task :quickjs:generateReleaseResources FROM-CACHE
> Task :catvod:generateReleaseResources FROM-CACHE
> Task :quickjs:packageReleaseResources FROM-CACHE
> Task :catvod:packageReleaseResources FROM-CACHE
> Task :quickjs:processReleaseNavigationResources FROM-CACHE
> Task :catvod:processReleaseNavigationResources FROM-CACHE
> Task :chaquo:generateArm64_v8aReleasePythonJniLibs
> Task :chaquo:preBuild UP-TO-DATE
> Task :chaquo:preArm64_v8aReleaseBuild UP-TO-DATE
> Task :chaquo:mergeArm64_v8aReleaseJniLibFolders
> Task :chaquo:mergeArm64_v8aReleaseNativeLibs
> Task :chaquo:copyArm64_v8aReleaseJniLibsProjectOnly
> Task :chaquo:prepareArm64_v8aReleaseArtProfile
> Task :quickjs:parseReleaseLocalResources FROM-CACHE
> Task :catvod:parseReleaseLocalResources FROM-CACHE
> Task :catvod:generateReleaseRFile FROM-CACHE
> Task :quickjs:generateReleaseRFile FROM-CACHE
> Task :quickjs:javaPreCompileRelease FROM-CACHE
> Task :catvod:compileReleaseKotlin NO-SOURCE
> Task :catvod:javaPreCompileRelease FROM-CACHE
> Task :quickjs:writeReleaseAarMetadata
> Task :quickjs:extractDeepLinksRelease FROM-CACHE
> Task :app:checkMobileArm64_v8aReleaseDuplicateClasses
> Task :quickjs:processReleaseManifest FROM-CACHE
> Task :quickjs:mapReleaseSourceSetPaths
> Task :quickjs:compileReleaseLibraryResources FROM-CACHE
> Task :quickjs:generateReleaseAssets UP-TO-DATE
> Task :quickjs:mergeReleaseAssets
> Task :quickjs:extractProguardFiles
> Task :quickjs:prepareLintJarForPublish
> Task :quickjs:stripReleaseDebugSymbols NO-SOURCE
> Task :quickjs:copyReleaseJniLibsProjectAndLocalJars
> Task :quickjs:extractDeepLinksForAarRelease FROM-CACHE
> Task :quickjs:writeReleaseLintModelMetadata
> Task :app:mergeMobileArm64_v8aReleaseNativeLibs
> Task :app:mergeMobileArm64_v8aReleaseArtProfile
> Task :chaquo:extractArm64_v8aReleasePythonBuildPackages
> Task :catvod:compileReleaseJavaWithJavac FROM-CACHE
> Task :app:expandMobileArm64_v8aReleaseL8ArtProfileWildcards FROM-CACHE
> Task :catvod:mergeReleaseGeneratedProguardFiles
> Task :catvod:exportReleaseConsumerProguardFiles
> Task :catvod:bundleLibCompileToJarRelease
> Task :quickjs:compileReleaseKotlin NO-SOURCE
> Task :app:stripMobileArm64_v8aReleaseDebugSymbols
> Task :catvod:writeReleaseAarMetadata
> Task :catvod:extractDeepLinksRelease FROM-CACHE
> Task :catvod:processReleaseManifest FROM-CACHE
> Task :catvod:mapReleaseSourceSetPaths
> Task :catvod:compileReleaseLibraryResources FROM-CACHE
> Task :quickjs:compileReleaseJavaWithJavac FROM-CACHE
> Task :quickjs:mergeReleaseGeneratedProguardFiles
> Task :catvod:bundleLibRuntimeToJarRelease
> Task :quickjs:exportReleaseConsumerProguardFiles
> Task :catvod:processReleaseJavaRes NO-SOURCE
> Task :catvod:generateReleaseAssets UP-TO-DATE
> Task :quickjs:bundleLibCompileToJarRelease
> Task :catvod:mergeReleaseAssets
> Task :catvod:createFullJarRelease
> Task :quickjs:bundleLibRuntimeToJarRelease
> Task :quickjs:processReleaseJavaRes NO-SOURCE
> Task :catvod:extractProguardFiles
> Task :app:dataBindingMergeDependencyArtifactsMobileArm64_v8aRelease
> Task :quickjs:createFullJarRelease
> Task :app:extractMobileArm64_v8aReleaseNativeSymbolTables FROM-CACHE
> Task :app:mergeMobileArm64_v8aReleaseNativeDebugMetadata NO-SOURCE
> Task :app:generateMobileArm64_v8aReleaseResources FROM-CACHE
> Task :quickjs:checkReleaseAarMetadata
> Task :app:packageMobileArm64_v8aReleaseResources FROM-CACHE
> Task :app:generateMobileArm64_v8aReleaseBuildConfig
> Task :app:javaPreCompileMobileArm64_v8aRelease FROM-CACHE
> Task :quickjs:extractReleaseAnnotations FROM-CACHE
> Task :quickjs:mergeReleaseConsumerProguardFiles
> Task :app:mapMobileArm64_v8aReleaseSourceSetPaths
> Task :app:createMobileArm64_v8aReleaseCompatibleScreenManifests
> Task :app:extractDeepLinksMobileArm64_v8aRelease FROM-CACHE
> Task :app:extractProguardFiles
> Task :app:mergeMobileArm64_v8aReleaseStartupProfile
> Task :app:generateMobileArm64_v8aReleaseAssets UP-TO-DATE
> Task :quickjs:mergeReleaseJavaResource
> Task :catvod:generateReleaseLintModel
> Task :catvod:prepareLintJarForPublish
> Task :quickjs:syncReleaseLibJars FROM-CACHE
> Task :catvod:checkReleaseAarMetadata
> Task :catvod:stripReleaseDebugSymbols NO-SOURCE
> Task :app:extractMobileArm64_v8aReleaseVersionControlInfo
> Task :catvod:copyReleaseJniLibsProjectAndLocalJars
> Task :catvod:extractDeepLinksForAarRelease FROM-CACHE
> Task :catvod:extractReleaseAnnotations FROM-CACHE
> Task :quickjs:generateReleaseLintModel
> Task :catvod:mergeReleaseConsumerProguardFiles
> Task :catvod:mergeReleaseJavaResource
> Task :catvod:syncReleaseLibJars FROM-CACHE
> Task :quickjs:bundleReleaseLocalLintAar
> Task :catvod:bundleReleaseLocalLintAar
> Task :app:collectMobileArm64_v8aReleaseDependencies
> Task :catvod:lintVitalAnalyzeRelease FROM-CACHE
> Task :catvod:writeReleaseLintModelMetadata
> Task :quickjs:generateReleaseLintVitalModel
> Task :quickjs:lintVitalAnalyzeRelease FROM-CACHE
> Task :catvod:generateReleaseLintVitalModel

> Task :chaquo:installArm64_v8aReleasePythonRequirements
Chaquopy: Installing for arm64-v8a
Looking in indexes: https://pypi.org/simple, https://chaquo.com/pypi-13.1

> Task :app:sdkMobileArm64_v8aReleaseDependencyData
> Task :app:validateSigningMobileArm64_v8aRelease
> Task :app:writeMobileArm64_v8aReleaseAppMetadata
> Task :app:writeMobileArm64_v8aReleaseSigningConfigVersions

> Task :chaquo:installArm64_v8aReleasePythonRequirements
Collecting lxml (from -r requirements.txt (line 1))
  Downloading https://chaquo.com/pypi-13.1/lxml/lxml-5.3.0-0-cp310-cp310-android_24_arm64_v8a.whl (1.4 MB)
     ━━━━━━━━━━━━━━━━━━━━━━━━━━━━━━━━━━━━━━━━ 1.4/1.4 MB 2.7 MB/s  0:00:00
Collecting ujson (from -r requirements.txt (line 2))
  Downloading https://chaquo.com/pypi-13.1/ujson/ujson-5.11.0-0-cp310-cp310-android_24_arm64_v8a.whl (79 kB)
Collecting pyquery (from -r requirements.txt (line 3))
  Downloading pyquery-2.1.0-py3-none-any.whl.metadata (9.5 kB)
Collecting requests (from -r requirements.txt (line 4))
  Downloading requests-2.34.2-py3-none-any.whl.metadata (4.8 kB)
Collecting cachetools (from -r requirements.txt (line 5))
  Downloading cachetools-7.1.6-py3-none-any.whl.metadata (5.5 kB)
Collecting pycryptodome (from -r requirements.txt (line 6))
  Downloading https://chaquo.com/pypi-13.1/pycryptodome/pycryptodome-3.21.0-0-cp310-cp310-android_24_arm64_v8a.whl (1.6 MB)
     ━━━━━━━━━━━━━━━━━━━━━━━━━━━━━━━━━━━━━━━━ 1.6/1.6 MB 7.2 MB/s  0:00:00
Collecting beautifulsoup4 (from -r requirements.txt (line 7))
  Downloading beautifulsoup4-4.15.0-py3-none-any.whl.metadata (3.8 kB)
Collecting chaquopy-libxml2>=2.9.8 (from lxml->-r requirements.txt (line 1))
  Downloading https://chaquo.com/pypi-13.1/chaquopy-libxml2/chaquopy_libxml2-2.9.8-2-py3-none-android_21_arm64_v8a.whl (773 kB)
     ━━━━━━━━━━━━━━━━━━━━━━━━━━━━━━━━━━━━━━━━ 773.4/773.4 kB 93.8 MB/s  0:00:00
Collecting chaquopy-libxslt>=1.1.32 (from lxml->-r requirements.txt (line 1))
  Downloading https://chaquo.com/pypi-13.1/chaquopy-libxslt/chaquopy_libxslt-1.1.32-2-py3-none-android_21_arm64_v8a.whl (178 kB)
Collecting chaquopy-libcxx>=180000 (from ujson->-r requirements.txt (line 2))
  Downloading https://chaquo.com/pypi-13.1/chaquopy-libcxx/chaquopy_libcxx-180000-0-py3-none-android_24_arm64_v8a.whl (413 kB)
Collecting cssselect>=1.5.0 (from pyquery->-r requirements.txt (line 3))
  Downloading cssselect-1.5.0-py3-none-any.whl.metadata (2.4 kB)
Collecting charset_normalizer<4,>=2 (from requests->-r requirements.txt (line 4))
  Downloading charset_normalizer-3.4.9-py3-none-any.whl.metadata (41 kB)
Collecting idna<4,>=2.5 (from requests->-r requirements.txt (line 4))
  Downloading idna-3.18-py3-none-any.whl.metadata (6.1 kB)
Collecting urllib3<3,>=1.26 (from requests->-r requirements.txt (line 4))
  Downloading urllib3-2.7.0-py3-none-any.whl.metadata (6.9 kB)
Collecting certifi>=2023.5.7 (from requests->-r requirements.txt (line 4))
  Downloading certifi-2026.7.22-py3-none-any.whl.metadata (2.5 kB)
Collecting soupsieve>=1.6.1 (from beautifulsoup4->-r requirements.txt (line 7))
  Downloading soupsieve-2.9.1-py3-none-any.whl.metadata (4.6 kB)
Collecting typing-extensions>=4.0.0 (from beautifulsoup4->-r requirements.txt (line 7))
  Downloading typing_extensions-4.16.0-py3-none-any.whl.metadata (3.3 kB)
Downloading pyquery-2.1.0-py3-none-any.whl (22 kB)
Downloading requests-2.34.2-py3-none-any.whl (73 kB)
Downloading charset_normalizer-3.4.9-py3-none-any.whl (64 kB)
Downloading idna-3.18-py3-none-any.whl (65 kB)
Downloading urllib3-2.7.0-py3-none-any.whl (131 kB)
Downloading cachetools-7.1.6-py3-none-any.whl (16 kB)
Downloading beautifulsoup4-4.15.0-py3-none-any.whl (109 kB)
Downloading certifi-2026.7.22-py3-none-any.whl (136 kB)
Downloading cssselect-1.5.0-py3-none-any.whl (20 kB)
Downloading soupsieve-2.9.1-py3-none-any.whl (37 kB)
Downloading typing_extensions-4.16.0-py3-none-any.whl (45 kB)
Installing collected packages: chaquopy-libxml2, chaquopy-libcxx, urllib3, ujson, typing-extensions, soupsieve, pycryptodome, idna, cssselect, charset_normalizer, chaquopy-libxslt, certifi, cachetools, requests, lxml, beautifulsoup4, pyquery

Successfully installed beautifulsoup4-4.15.0 cachetools-7.1.6 certifi-2026.7.22 chaquopy-libcxx-180000 chaquopy-libxml2-2.9.8 chaquopy-libxslt-1.1.32 charset_normalizer-3.4.9 cssselect-1.5.0 idna-3.18 lxml-5.3.0 pycryptodome-3.21.0 pyquery-2.1.0 requests-2.34.2 soupsieve-2.9.1 typing-extensions-4.16.0 ujson-5.11.0 urllib3-2.7.0

> Task :chaquo:mergeArm64_v8aReleasePythonSources
> Task :chaquo:generateArm64_v8aReleasePythonProxies
> Task :chaquo:generateArm64_v8aReleaseResources FROM-CACHE
> Task :chaquo:packageArm64_v8aReleaseResources FROM-CACHE
> Task :chaquo:processArm64_v8aReleaseNavigationResources FROM-CACHE
> Task :chaquo:parseArm64_v8aReleaseLocalResources FROM-CACHE
> Task :chaquo:generateArm64_v8aReleaseRFile FROM-CACHE
> Task :chaquo:compileArm64_v8aReleaseKotlin NO-SOURCE
> Task :chaquo:javaPreCompileArm64_v8aRelease FROM-CACHE
> Task :chaquo:compileArm64_v8aReleaseJavaWithJavac FROM-CACHE
> Task :chaquo:mergeArm64_v8aReleaseGeneratedProguardFiles
> Task :chaquo:exportArm64_v8aReleaseConsumerProguardFiles
> Task :chaquo:bundleLibCompileToJarArm64_v8aRelease
> Task :chaquo:writeArm64_v8aReleaseAarMetadata
> Task :chaquo:extractDeepLinksArm64_v8aRelease FROM-CACHE
> Task :chaquo:processArm64_v8aReleaseManifest FROM-CACHE
> Task :chaquo:mapArm64_v8aReleaseSourceSetPaths
> Task :chaquo:compileArm64_v8aReleaseLibraryResources FROM-CACHE
> Task :chaquo:bundleLibRuntimeToJarArm64_v8aRelease
> Task :chaquo:processArm64_v8aReleaseJavaRes NO-SOURCE
> Task :chaquo:generateArm64_v8aReleaseAssets UP-TO-DATE
> Task :app:mergeMobileArm64_v8aReleaseResources FROM-CACHE
> Task :app:processMobileArm64_v8aReleaseNavigationResources FROM-CACHE
> Task :app:parseMobileArm64_v8aReleaseLocalResources FROM-CACHE
> Task :chaquo:generateArm64_v8aReleasePythonMiscAssets
> Task :app:dataBindingGenBaseClassesMobileArm64_v8aRelease FROM-CACHE
> Task :app:generateMobileArm64_v8aReleaseRFile FROM-CACHE
> Task :app:compileMobileArm64_v8aReleaseKotlin NO-SOURCE
> Task :chaquo:generateArm64_v8aReleasePythonRequirementsAssets
> Task :chaquo:generateArm64_v8aReleasePythonSourceAssets
> Task :chaquo:generateArm64_v8aReleasePythonBuildAssets
> Task :chaquo:mergeArm64_v8aReleaseAssets
> Task :chaquo:createFullJarArm64_v8aRelease
> Task :chaquo:extractProguardFiles
> Task :chaquo:generateArm64_v8aReleaseLintModel
> Task :chaquo:prepareLintJarForPublish
> Task :chaquo:checkArm64_v8aReleaseAarMetadata
> Task :chaquo:extractArm64_v8aReleaseAnnotations FROM-CACHE
> Task :chaquo:extractDeepLinksForAarArm64_v8aRelease FROM-CACHE
> Task :chaquo:mergeArm64_v8aReleaseConsumerProguardFiles
> Task :chaquo:mergeArm64_v8aReleaseJavaResource
> Task :chaquo:stripArm64_v8aReleaseDebugSymbols
> Task :chaquo:lintVitalAnalyzeArm64_v8aRelease FROM-CACHE
> Task :chaquo:syncArm64_v8aReleaseLibJars FROM-CACHE
> Task :chaquo:writeArm64_v8aReleaseLintModelMetadata
> Task :chaquo:copyArm64_v8aReleaseJniLibsProjectAndLocalJars
> Task :chaquo:generateArm64_v8aReleaseLintVitalModel
> Task :chaquo:bundleArm64_v8aReleaseLocalLintAar

> Task :app:compileMobileArm64_v8aReleaseJavaWithJavac
Note: [1] Wrote GeneratedAppGlideModule with: [com.bumptech.glide.integration.okhttp3.OkHttpLibraryGlideModule, com.bumptech.glide.integration.avif.AvifGlideModule]
/home/runner/work/MXboxS/MXboxS/app/src/main/java/androidx/media3/mpvplayer/MpvPlayer.java:30: error: MpvPlayer is not abstract and does not override abstract method getSurfaceSize() in Player
public class MpvPlayer implements Player {
       ^
/home/runner/work/MXboxS/MXboxS/app/src/main/java/androidx/media3/mpvplayer/MpvPlayer.java:273: error: getSurfaceSize() in MpvPlayer cannot implement getSurfaceSize() in Player
    public Size getSurfaceSize() { return exoPlayer.getSurfaceSize(); }
                ^
  return type android.util.Size is not compatible with androidx.media3.common.util.Size
/home/runner/work/MXboxS/MXboxS/app/src/main/java/androidx/media3/mpvplayer/MpvPlayer.java:272: error: method does not override or implement a method from a supertype
    @Override
    ^
/home/runner/work/MXboxS/MXboxS/app/src/main/java/androidx/media3/mpvplayer/MpvPlayer.java:273: error: incompatible types: androidx.media3.common.util.Size cannot be converted to android.util.Size
    public Size getSurfaceSize() { return exoPlayer.getSurfaceSize(); }
                                                                  ^
Note: Some input files use or override a deprecated API.
Note: Recompile with -Xlint:deprecation for details.
Note: Some input files use unchecked or unsafe operations.
Note: Recompile with -Xlint:unchecked for details.
4 errors

> Task :app:compileMobileArm64_v8aReleaseJavaWithJavac FAILED
gradle/actions: Writing build results to /home/runner/work/_temp/.gradle-actions/build-results/__run_3-1785385267372.json

[Incubating] Problems report is available at: file:///home/runner/work/MXboxS/MXboxS/build/reports/problems/problems-report.html

FAILURE: Build failed with an exception.

* What went wrong:
Execution failed for task ':app:compileMobileArm64_v8aReleaseJavaWithJavac' (registered by plugin 'com.android.internal.application').
> Compilation failed; see the compiler output below.
  Note: Recompile with -Xlint:deprecation for details.
  /home/runner/work/MXboxS/MXboxS/app/src/main/java/androidx/media3/mpvplayer/MpvPlayer.java:273: error: getSurfaceSize() in MpvPlayer cannot implement getSurfaceSize() in Player
      public Size getSurfaceSize() { return exoPlayer.getSurfaceSize(); }
                  ^
    return type android.util.Size is not compatible with androidx.media3.common.util.Size
  /home/runner/work/MXboxS/MXboxS/app/src/main/java/androidx/media3/mpvplayer/MpvPlayer.java:273: error: incompatible types: androidx.media3.common.util.Size cannot be converted to android.util.Size
      public Size getSurfaceSize() { return exoPlayer.getSurfaceSize(); }
                                                                    ^
  /home/runner/work/MXboxS/MXboxS/app/src/main/java/androidx/media3/mpvplayer/MpvPlayer.java:30: error: MpvPlayer is not abstract and does not override abstract method getSurfaceSize() in Player
  public class MpvPlayer implements Player {
         ^
  Note: Recompile with -Xlint:unchecked for details.
  Note: Some input files use or override a deprecated API.
  /home/runner/work/MXboxS/MXboxS/app/src/main/java/androidx/media3/mpvplayer/MpvPlayer.java:272: error: method does not override or implement a method from a supertype
      @Override
      ^
  Note: [1] Wrote GeneratedAppGlideModule with: [com.bumptech.glide.integration.okhttp3.OkHttpLibraryGlideModule, com.bumptech.glide.integration.avif.AvifGlideModule]
  Note: Some input files use unchecked or unsafe operations.
  4 errors

* Try:
> Check your code and dependencies to fix the compilation error(s)
> Run with --scan to get full insights from a Build Scan (powered by Develocity).

Deprecated Gradle features were used in this build, making it incompatible with Gradle 10.

You can use '--warning-mode all' to show the individual deprecation warnings and determine if they come from your own scripts or plugins.

For more on this, please refer to https://docs.gradle.org/9.6.1/userguide/command_line_interface.html#sec:command_line_warnings in the Gradle documentation.

BUILD FAILED in 41s
145 actionable tasks: 92 executed, 53 from cache
